Archive member included because of file (symbol)

c:/program files (x86)/gnu tools arm embedded/4.8 2014q2/bin/../lib/gcc/arm-none-eabi/4.8.4/../../../../arm-none-eabi/lib/armv7e-m\libg_s.a(lib_a-errno.o)
                              ./system/src/newlib/_sbrk.o (__errno)
c:/program files (x86)/gnu tools arm embedded/4.8 2014q2/bin/../lib/gcc/arm-none-eabi/4.8.4/../../../../arm-none-eabi/lib/armv7e-m\libg_s.a(lib_a-fwrite.o)
                              ./src/main.o (fwrite)
c:/program files (x86)/gnu tools arm embedded/4.8 2014q2/bin/../lib/gcc/arm-none-eabi/4.8.4/../../../../arm-none-eabi/lib/armv7e-m\libg_s.a(lib_a-impure.o)
                              ./src/main.o (_impure_ptr)
c:/program files (x86)/gnu tools arm embedded/4.8 2014q2/bin/../lib/gcc/arm-none-eabi/4.8.4/../../../../arm-none-eabi/lib/armv7e-m\libg_s.a(lib_a-init.o)
                              ./src/startup_stm32f411xe.o (__libc_init_array)
c:/program files (x86)/gnu tools arm embedded/4.8 2014q2/bin/../lib/gcc/arm-none-eabi/4.8.4/../../../../arm-none-eabi/lib/armv7e-m\libg_s.a(lib_a-puts.o)
                              ./src/main.o (puts)
c:/program files (x86)/gnu tools arm embedded/4.8 2014q2/bin/../lib/gcc/arm-none-eabi/4.8.4/../../../../arm-none-eabi/lib/armv7e-m\libg_s.a(lib_a-strlen.o)
                              ./system/src/diag/Trace.o (strlen)
c:/program files (x86)/gnu tools arm embedded/4.8 2014q2/bin/../lib/gcc/arm-none-eabi/4.8.4/../../../../arm-none-eabi/lib/armv7e-m\libg_s.a(lib_a-vsnprintf.o)
                              ./system/src/diag/Trace.o (vsnprintf)
c:/program files (x86)/gnu tools arm embedded/4.8 2014q2/bin/../lib/gcc/arm-none-eabi/4.8.4/../../../../arm-none-eabi/lib/armv7e-m\libg_s.a(lib_a-wbuf.o)
                              c:/program files (x86)/gnu tools arm embedded/4.8 2014q2/bin/../lib/gcc/arm-none-eabi/4.8.4/../../../../arm-none-eabi/lib/armv7e-m\libg_s.a(lib_a-fwrite.o) (__swbuf_r)
c:/program files (x86)/gnu tools arm embedded/4.8 2014q2/bin/../lib/gcc/arm-none-eabi/4.8.4/../../../../arm-none-eabi/lib/armv7e-m\libg_s.a(lib_a-wsetup.o)
                              c:/program files (x86)/gnu tools arm embedded/4.8 2014q2/bin/../lib/gcc/arm-none-eabi/4.8.4/../../../../arm-none-eabi/lib/armv7e-m\libg_s.a(lib_a-fwrite.o) (__swsetup_r)
c:/program files (x86)/gnu tools arm embedded/4.8 2014q2/bin/../lib/gcc/arm-none-eabi/4.8.4/../../../../arm-none-eabi/lib/armv7e-m\libg_s.a(lib_a-fflush.o)
                              c:/program files (x86)/gnu tools arm embedded/4.8 2014q2/bin/../lib/gcc/arm-none-eabi/4.8.4/../../../../arm-none-eabi/lib/armv7e-m\libg_s.a(lib_a-wbuf.o) (_fflush_r)
c:/program files (x86)/gnu tools arm embedded/4.8 2014q2/bin/../lib/gcc/arm-none-eabi/4.8.4/../../../../arm-none-eabi/lib/armv7e-m\libg_s.a(lib_a-findfp.o)
                              c:/program files (x86)/gnu tools arm embedded/4.8 2014q2/bin/../lib/gcc/arm-none-eabi/4.8.4/../../../../arm-none-eabi/lib/armv7e-m\libg_s.a(lib_a-fwrite.o) (__sinit)
c:/program files (x86)/gnu tools arm embedded/4.8 2014q2/bin/../lib/gcc/arm-none-eabi/4.8.4/../../../../arm-none-eabi/lib/armv7e-m\libg_s.a(lib_a-fwalk.o)
                              c:/program files (x86)/gnu tools arm embedded/4.8 2014q2/bin/../lib/gcc/arm-none-eabi/4.8.4/../../../../arm-none-eabi/lib/armv7e-m\libg_s.a(lib_a-findfp.o) (_fwalk)
c:/program files (x86)/gnu tools arm embedded/4.8 2014q2/bin/../lib/gcc/arm-none-eabi/4.8.4/../../../../arm-none-eabi/lib/armv7e-m\libg_s.a(lib_a-makebuf.o)
                              c:/program files (x86)/gnu tools arm embedded/4.8 2014q2/bin/../lib/gcc/arm-none-eabi/4.8.4/../../../../arm-none-eabi/lib/armv7e-m\libg_s.a(lib_a-wsetup.o) (__smakebuf_r)
c:/program files (x86)/gnu tools arm embedded/4.8 2014q2/bin/../lib/gcc/arm-none-eabi/4.8.4/../../../../arm-none-eabi/lib/armv7e-m\libg_s.a(lib_a-memset.o)
                              c:/program files (x86)/gnu tools arm embedded/4.8 2014q2/bin/../lib/gcc/arm-none-eabi/4.8.4/../../../../arm-none-eabi/lib/armv7e-m\libg_s.a(lib_a-findfp.o) (memset)
c:/program files (x86)/gnu tools arm embedded/4.8 2014q2/bin/../lib/gcc/arm-none-eabi/4.8.4/../../../../arm-none-eabi/lib/armv7e-m\libg_s.a(lib_a-nano-freer.o)
                              c:/program files (x86)/gnu tools arm embedded/4.8 2014q2/bin/../lib/gcc/arm-none-eabi/4.8.4/../../../../arm-none-eabi/lib/armv7e-m\libg_s.a(lib_a-wsetup.o) (_free_r)
c:/program files (x86)/gnu tools arm embedded/4.8 2014q2/bin/../lib/gcc/arm-none-eabi/4.8.4/../../../../arm-none-eabi/lib/armv7e-m\libg_s.a(lib_a-nano-mallocr.o)
                              c:/program files (x86)/gnu tools arm embedded/4.8 2014q2/bin/../lib/gcc/arm-none-eabi/4.8.4/../../../../arm-none-eabi/lib/armv7e-m\libg_s.a(lib_a-findfp.o) (_malloc_r)
c:/program files (x86)/gnu tools arm embedded/4.8 2014q2/bin/../lib/gcc/arm-none-eabi/4.8.4/../../../../arm-none-eabi/lib/armv7e-m\libg_s.a(lib_a-sbrkr.o)
[...]
Memory Configuration

Name             Origin             Length             Attributes
RAM              0x20000000         0x00020000         xrw
CCMRAM           0x10000000         0x00010000         xrw
FLASH            0x08000000         0x00080000         xr
FLASHB1          0x00000000         0x00000000         xr
EXTMEMB0         0x00000000         0x00000000         xr
EXTMEMB1         0x00000000         0x00000000         xr
EXTMEMB2         0x00000000         0x00000000         xr
EXTMEMB3         0x00000000         0x00000000         xr
MEMORY_ARRAY     0x20002000         0x00000020         xrw
*default*        0x00000000         0xffffffff

Linker script and memory map

LOAD ./system/src/stm32f4-hal/stm32f4xx_hal.o
LOAD ./system/src/stm32f4-hal/stm32f4xx_hal_cortex.o
LOAD ./system/src/stm32f4-hal/stm32f4xx_hal_flash.o
LOAD ./system/src/stm32f4-hal/stm32f4xx_hal_flash_ex.o
LOAD ./system/src/stm32f4-hal/stm32f4xx_hal_flash_ramfunc.o
LOAD ./system/src/stm32f4-hal/stm32f4xx_hal_gpio.o
LOAD ./system/src/stm32f4-hal/stm32f4xx_hal_iwdg.o
LOAD ./system/src/stm32f4-hal/stm32f4xx_hal_pcd_ex.o
LOAD ./system/src/stm32f4-hal/stm32f4xx_hal_pwr.o
LOAD ./system/src/stm32f4-hal/stm32f4xx_hal_pwr_ex.o
LOAD ./system/src/stm32f4-hal/stm32f4xx_hal_rcc.o
LOAD ./system/src/stm32f4-hal/stm32f4xx_hal_rcc_ex.o
LOAD ./system/src/newlib/_cxx.o
LOAD ./system/src/newlib/_exit.o
LOAD ./system/src/newlib/_sbrk.o
LOAD ./system/src/newlib/_startup.o
LOAD ./system/src/newlib/_syscalls.o
LOAD ./system/src/newlib/_write.o
LOAD ./system/src/newlib/assert.o
LOAD ./system/src/diag/Trace.o
LOAD ./system/src/diag/trace_impl.o
LOAD ./system/src/cortexm/_initialize_hardware.o
LOAD ./system/src/cortexm/_reset_hardware.o
LOAD ./system/src/cortexm/exception_handlers.o
LOAD ./system/src/cmsis/system_stm32f4xx.o
LOAD ./system/src/cmsis/vectors_stm32f4xx.o
LOAD ./src/BlinkLed.o
LOAD ./src/main.o
LOAD ./src/startup_stm32f411xe.o
LOAD ./src/stm32f4xx_it.o
LOAD c:/program files (x86)/gnu tools arm embedded/4.8 2014q2/bin/../lib/gcc/arm-none-eabi/4.8.4/../../../../arm-none-eabi/lib/armv7e-m\libstdc++_s.a
LOAD c:/program files (x86)/gnu tools arm embedded/4.8 2014q2/bin/../lib/gcc/arm-none-eabi/4.8.4/../../../../arm-none-eabi/lib/armv7e-m\libm.a
START GROUP
LOAD c:/program files (x86)/gnu tools arm embedded/4.8 2014q2/bin/../lib/gcc/arm-none-eabi/4.8.4/armv7e-m\libgcc.a
LOAD c:/program files (x86)/gnu tools arm embedded/4.8 2014q2/bin/../lib/gcc/arm-none-eabi/4.8.4/../../../../arm-none-eabi/lib/armv7e-m\libg_s.a
LOAD c:/program files (x86)/gnu tools arm embedded/4.8 2014q2/bin/../lib/gcc/arm-none-eabi/4.8.4/../../../../arm-none-eabi/lib/armv7e-m\libc_s.a
END GROUP
START GROUP
LOAD c:/program files (x86)/gnu tools arm embedded/4.8 2014q2/bin/../lib/gcc/arm-none-eabi/4.8.4/armv7e-m\libgcc.a
LOAD c:/program files (x86)/gnu tools arm embedded/4.8 2014q2/bin/../lib/gcc/arm-none-eabi/4.8.4/../../../../arm-none-eabi/lib/armv7e-m\libc_s.a
END GROUP
                0x20020000                __stack = (ORIGIN (RAM) + 0x20000)
                0x20020000                _estack = __stack
                0x00000400                __Main_Stack_Size = 0x400
                0x00000400                PROVIDE (_Main_Stack_Size, __Main_Stack_Size)
                0x2001fc00                __Main_Stack_Limit = (__stack - __Main_Stack_Size)
                0x2001fc00                PROVIDE (_Main_Stack_Limit, __Main_Stack_Limit)
                0x00000100                _Minimum_Stack_Size = 0x100
                0x20000118                PROVIDE (_Heap_Begin, _end_noinit)
                0x2001fc00                PROVIDE (_Heap_Limit, (__stack - __Main_Stack_Size))

.isr_vector     0x08000000      0x4b8
                0x08000000                . = ALIGN (0x4)
 *(.isr_vector)
 .isr_vector    0x08000000      0x1e4 ./system/src/cmsis/vectors_stm32f4xx.o
                0x08000000                __isr_vectors
 .isr_vector    0x080001e4      0x198 ./src/startup_stm32f411xe.o
                0x080001e4                g_pfnVectors
 *(.cfmconfig)
 *(.after_vectors .after_vectors.*)
 .after_vectors
                0x0800037c      0x10c ./system/src/newlib/_startup.o
                0x0800037c                _start
 .after_vectors
                0x08000488       0x2c ./system/src/cortexm/exception_handlers.o
                0x08000488                Reset_Handler
                0x08000490                NMI_Handler
                0x08000494                HardFault_Handler
                0x08000498                MemManage_Handler
                0x0800049c                BusFault_Handler
                0x080004a0                UsageFault_Handler
                0x080004a4                SVC_Handler
                0x080004a8                DebugMon_Handler
                0x080004ac                PendSV_Handler
 .after_vectors
                0x080004b4        0x4 ./system/src/cmsis/vectors_stm32f4xx.o
                0x080004b4                RTC_Alarm_IRQHandler
                0x080004b4                HASH_RNG_IRQHandler
                0x080004b4                EXTI2_IRQHandler
                0x080004b4                TIM8_CC_IRQHandler
                0x080004b4                SPI4_IRQHandler
                0x080004b4                TIM1_CC_IRQHandler
                0x080004b4                DMA2_Stream5_IRQHandler
                0x080004b4                DMA1_Stream5_IRQHandler
                0x080004b4                PVD_IRQHandler
                0x080004b4                SDIO_IRQHandler
                0x080004b4                TAMP_STAMP_IRQHandler
                0x080004b4                CAN2_RX1_IRQHandler
                0x080004b4                EXTI3_IRQHandler
                0x080004b4                TIM8_TRG_COM_TIM14_IRQHandler
                0x080004b4                TIM1_UP_TIM10_IRQHandler
                0x080004b4                TIM8_UP_TIM13_IRQHandler
                0x080004b4                I2C3_ER_IRQHandler
                0x080004b4                EXTI0_IRQHandler
                0x080004b4                I2C2_EV_IRQHandler
                0x080004b4                DMA1_Stream2_IRQHandler
                0x080004b4                CAN1_RX0_IRQHandler
                0x080004b4                FPU_IRQHandler
                0x080004b4                OTG_HS_WKUP_IRQHandler
                0x080004b4                CAN2_SCE_IRQHandler
                0x080004b4                DMA2_Stream2_IRQHandler
                0x080004b4                SPI1_IRQHandler
                0x080004b4                TIM6_DAC_IRQHandler
                0x080004b4                TIM1_BRK_TIM9_IRQHandler
                0x080004b4                DCMI_IRQHandler
                0x080004b4                CAN2_RX0_IRQHandler
                0x080004b4                DMA2_Stream3_IRQHandler
                0x080004b4                USART6_IRQHandler
                0x080004b4                USART3_IRQHandler
                0x080004b4                CRYP_IRQHandler
                0x080004b4                CAN1_RX1_IRQHandler
                0x080004b4                UART5_IRQHandler
                0x080004b4                DMA2_Stream0_IRQHandler
                0x080004b4                TIM4_IRQHandler
                0x080004b4                I2C1_EV_IRQHandler
                0x080004b4                DMA1_Stream6_IRQHandler
                0x080004b4                DMA1_Stream1_IRQHandler
                0x080004b4                UART4_IRQHandler
                0x080004b4                TIM3_IRQHandler
                0x080004b4                RCC_IRQHandler
                0x080004b4                TIM8_BRK_TIM12_IRQHandler
                0x080004b4                EXTI15_10_IRQHandler
                0x080004b4                ADC_IRQHandler
                0x080004b4                DMA1_Stream7_IRQHandler
                0x080004b4                SPI5_IRQHandler
                0x080004b4                TIM7_IRQHandler
                0x080004b4                CAN2_TX_IRQHandler
                0x080004b4                TIM5_IRQHandler
                0x080004b4                DMA2_Stream7_IRQHandler
                0x080004b4                I2C3_EV_IRQHandler
                0x080004b4                EXTI9_5_IRQHandler
                0x080004b4                RTC_WKUP_IRQHandler
                0x080004b4                ETH_WKUP_IRQHandler
                0x080004b4                SPI2_IRQHandler
                0x080004b4                OTG_HS_EP1_IN_IRQHandler
                0x080004b4                DMA1_Stream0_IRQHandler
                0x080004b4                CAN1_TX_IRQHandler
                0x080004b4                EXTI4_IRQHandler
                0x080004b4                FSMC_IRQHandler
                0x080004b4                ETH_IRQHandler
                0x080004b4                OTG_HS_EP1_OUT_IRQHandler
                0x080004b4                WWDG_IRQHandler
                0x080004b4                TIM2_IRQHandler
                0x080004b4                OTG_FS_WKUP_IRQHandler
                0x080004b4                TIM1_TRG_COM_TIM11_IRQHandler
                0x080004b4                OTG_HS_IRQHandler
                0x080004b4                EXTI1_IRQHandler
                0x080004b4                USART2_IRQHandler
                0x080004b4                I2C2_ER_IRQHandler
                0x080004b4                DMA2_Stream1_IRQHandler
                0x080004b4                CAN1_SCE_IRQHandler
                0x080004b4                FLASH_IRQHandler
                0x080004b4                DMA2_Stream4_IRQHandler
                0x080004b4                USART1_IRQHandler
                0x080004b4                OTG_FS_IRQHandler
                0x080004b4                SPI3_IRQHandler
                0x080004b4                DMA1_Stream4_IRQHandler
                0x080004b4                I2C1_ER_IRQHandler
                0x080004b4                DMA2_Stream6_IRQHandler
                0x080004b4                DMA1_Stream3_IRQHandler
                0x080004b8                . = ALIGN (0x4)

.inits          0x080004b8        0x0
                0x080004b8                . = ALIGN (0x4)
 *(.init)
 *(.fini)
                0x080004b8                . = ALIGN (0x4)
                0x080004b8                PROVIDE (__preinit_array_start, .)
 *(.preinit_array_sysinit .preinit_array_sysinit.*)
 *(.preinit_array_platform .preinit_array_platform.*)
 *(.preinit_array .preinit_array.*)
                0x080004b8                PROVIDE (__preinit_array_end, .)
                0x080004b8                . = ALIGN (0x4)
                0x080004b8                PROVIDE (__init_array_start, .)
 *(SORT(.init_array.*))
 *(.init_array)
                0x080004b8                PROVIDE (__init_array_end, .)
                0x080004b8                . = ALIGN (0x4)
                0x080004b8                PROVIDE (__fini_array_start, .)
 *(SORT(.fini_array.*))
 *(.fini_array)
                0x080004b8                PROVIDE (__fini_array_end, .)
                0x080004b8                . = ALIGN (0x4)

.flashtext      0x080004b8        0x0
                0x080004b8                . = ALIGN (0x4)
 *(.flashtext .flashtext.*)
                0x080004b8                . = ALIGN (0x4)

.text           0x080004b8     0x1a6b
                0x080004b8                . = ALIGN (0x4)
 *(.text .text.*)
 .text.HAL_MspInit
                0x080004b8        0x4 ./system/src/stm32f4-hal/stm32f4xx_hal.o
                0x080004b8                HAL_MspInit
 .text.HAL_InitTick
                0x080004bc       0x28 ./system/src/stm32f4-hal/stm32f4xx_hal.o
                0x080004bc                HAL_InitTick
 .text.HAL_Init
                0x080004e4       0x34 ./system/src/stm32f4-hal/stm32f4xx_hal.o
                0x080004e4                HAL_Init
 .text.HAL_IncTick
                0x08000518       0x10 ./system/src/stm32f4-hal/stm32f4xx_hal.o
                0x08000518                HAL_IncTick
 .text.HAL_GetTick
                0x08000528        0xc ./system/src/stm32f4-hal/stm32f4xx_hal.o
                0x08000528                HAL_GetTick
 .text.HAL_Delay
                0x08000534       0x1c ./system/src/stm32f4-hal/stm32f4xx_hal.o
                0x08000534                HAL_Delay
 .text.HAL_NVIC_SetPriorityGrouping
                0x08000550       0x3c ./system/src/stm32f4-hal/stm32f4xx_hal_cortex.o
                0x08000550                HAL_NVIC_SetPriorityGrouping
 .text.HAL_NVIC_SetPriority
                0x0800058c       0x84 ./system/src/stm32f4-hal/stm32f4xx_hal_cortex.o
                0x0800058c                HAL_NVIC_SetPriority
 .text.HAL_SYSTICK_Config
                0x08000610       0x2c ./system/src/stm32f4-hal/stm32f4xx_hal_cortex.o
                0x08000610                HAL_SYSTICK_Config
 .text.HAL_SYSTICK_Callback
                0x0800063c        0x4 ./system/src/stm32f4-hal/stm32f4xx_hal_cortex.o
                0x0800063c                HAL_SYSTICK_Callback
 .text.HAL_SYSTICK_IRQHandler
                0x08000640        0x8 ./system/src/stm32f4-hal/stm32f4xx_hal_cortex.o
                0x08000640                HAL_SYSTICK_IRQHandler
 .text.HAL_GPIO_Init
                0x08000648      0x2c0 ./system/src/stm32f4-hal/stm32f4xx_hal_gpio.o
                0x08000648                HAL_GPIO_Init
 .text.HAL_GPIO_WritePin
                0x08000908       0x30 ./system/src/stm32f4-hal/stm32f4xx_hal_gpio.o
                0x08000908                HAL_GPIO_WritePin
 .text.HAL_RCC_GetSysClockFreq
                0x08000938       0xb0 ./system/src/stm32f4-hal/stm32f4xx_hal_rcc.o
                0x08000938                HAL_RCC_GetSysClockFreq
 .text.HAL_RCC_GetHCLKFreq
                0x080009e8       0x38 ./system/src/stm32f4-hal/stm32f4xx_hal_rcc.o
                0x080009e8                HAL_RCC_GetHCLKFreq
 .text._exit    0x08000a20        0x4 ./system/src/newlib/_exit.o
                0x08000a20                _exit
 .text.abort    0x08000a24       0x14 ./system/src/newlib/_exit.o
                0x08000a24                abort
 .text._sbrk    0x08000a38       0x44 ./system/src/newlib/_sbrk.o
                0x08000a38                _sbrk
 .text.__initialize_args
                0x08000a7c       0x10 ./system/src/newlib/_syscalls.o
                0x08000a7c                __initialize_args
 .text._close   0x08000a8c       0x10 ./system/src/newlib/_syscalls.o
                0x08000a8c                _close
 .text._fstat   0x08000a9c       0x10 ./system/src/newlib/_syscalls.o
                0x08000a9c                _fstat
 .text._isatty  0x08000aac       0x10 ./system/src/newlib/_syscalls.o
                0x08000aac                _isatty
 .text._lseek   0x08000abc       0x10 ./system/src/newlib/_syscalls.o
                0x08000abc                _lseek
 .text._read    0x08000acc       0x10 ./system/src/newlib/_syscalls.o
                0x08000acc                _read
 .text._write   0x08000adc       0x20 ./system/src/newlib/_write.o
                0x08000adc                _write
 .text.assert_failed
                0x08000afc       0x18 ./system/src/newlib/assert.o
                0x08000afc                assert_failed
 .text.trace_printf
                0x08000b14       0x34 ./system/src/diag/Trace.o
                0x08000b14                trace_printf
 .text.trace_puts
                0x08000b48       0x20 ./system/src/diag/Trace.o
                0x08000b48                trace_puts
 .text._trace_write_itm
                0x08000b68       0x3c ./system/src/diag/trace_impl.o
 .text.trace_write
                0x08000ba4        0x8 ./system/src/diag/trace_impl.o
                0x08000ba4                trace_write
 .text.__initialize_hardware
                0x08000bac        0x8 ./system/src/cortexm/_initialize_hardware.o
                0x08000bac                __initialize_hardware
 .text.SystemInit
                0x08000bb4       0x40 ./system/src/cmsis/system_stm32f4xx.o
                0x08000bb4                SystemInit
 .text.blink_led_init
                0x08000bf4       0x3c ./src/BlinkLed.o
                0x08000bf4                blink_led_init
 .text.main     0x08000c30       0x8c ./src/main.o
                0x08000c30                main
 .text.SysTick_Handler
                0x08000cbc        0xc ./src/stm32f4xx_it.o
                0x08000cbc                SysTick_Handler
 .text.__errno  0x08000cc8        0xc c:/program files (x86)/gnu tools arm embedded/4.8 2014q2/bin/../lib/gcc/arm-none-eabi/4.8.4/../../../../arm-none-eabi/lib/armv7e-m\libg_s.a(lib_a-errno.o)
                0x08000cc8                __errno
 .text._fwrite_r
                0x08000cd4       0xb0 c:/program files (x86)/gnu tools arm embedded/4.8 2014q2/bin/../lib/gcc/arm-none-eabi/4.8.4/../../../../arm-none-eabi/lib/armv7e-m\libg_s.a(lib_a-fwrite.o)
                0x08000cd4                _fwrite_r
 .text.fwrite   0x08000d84       0x20 c:/program files (x86)/gnu tools arm embedded/4.8 2014q2/bin/../lib/gcc/arm-none-eabi/4.8.4/../../../../arm-none-eabi/lib/armv7e-m\libg_s.a(lib_a-fwrite.o)
                0x08000d84                fwrite
 .text._puts_r  0x08000da4       0xc0 c:/program files (x86)/gnu tools arm embedded/4.8 2014q2/bin/../lib/gcc/arm-none-eabi/4.8.4/../../../../arm-none-eabi/lib/armv7e-m\libg_s.a(lib_a-puts.o)
                0x08000da4                _puts_r
 .text.puts     0x08000e64       0x10 c:/program files (x86)/gnu tools arm embedded/4.8 2014q2/bin/../lib/gcc/arm-none-eabi/4.8.4/../../../../arm-none-eabi/lib/armv7e-m\libg_s.a(lib_a-puts.o)
                0x08000e64                puts
 .text.strlen   0x08000e74       0x10 c:/program files (x86)/gnu tools arm embedded/4.8 2014q2/bin/../lib/gcc/arm-none-eabi/4.8.4/../../../../arm-none-eabi/lib/armv7e-m\libg_s.a(lib_a-strlen.o)
                0x08000e74                strlen
 .text._vsnprintf_r
                0x08000e84       0x52 c:/program files (x86)/gnu tools arm embedded/4.8 2014q2/bin/../lib/gcc/arm-none-eabi/4.8.4/../../../../arm-none-eabi/lib/armv7e-m\libg_s.a(lib_a-vsnprintf.o)
                0x08000e84                _vsniprintf_r
                0x08000e84                _vsnprintf_r
 *fill*         0x08000ed6        0x2 
 .text.vsnprintf
                0x08000ed8       0x20 c:/program files (x86)/gnu tools arm embedded/4.8 2014q2/bin/../lib/gcc/arm-none-eabi/4.8.4/../../../../arm-none-eabi/lib/armv7e-m\libg_s.a(lib_a-vsnprintf.o)
                0x08000ed8                vsniprintf
                0x08000ed8                vsnprintf
 .text.__swbuf_r
                0x08000ef8       0xa8 c:/program files (x86)/gnu tools arm embedded/4.8 2014q2/bin/../lib/gcc/arm-none-eabi/4.8.4/../../../../arm-none-eabi/lib/armv7e-m\libg_s.a(lib_a-wbuf.o)
                0x08000ef8                __swbuf_r
 .text.__swsetup_r
                0x08000fa0       0xdc c:/program files (x86)/gnu tools arm embedded/4.8 2014q2/bin/../lib/gcc/arm-none-eabi/4.8.4/../../../../arm-none-eabi/lib/armv7e-m\libg_s.a(lib_a-wsetup.o)
                0x08000fa0                __swsetup_r
 .text.__sflush_r
                0x0800107c      0x106 c:/program files (x86)/gnu tools arm embedded/4.8 2014q2/bin/../lib/gcc/arm-none-eabi/4.8.4/../../../../arm-none-eabi/lib/armv7e-m\libg_s.a(lib_a-fflush.o)
                0x0800107c                __sflush_r
 *fill*         0x08001182        0x2 
 .text._fflush_r
                0x08001184       0x54 c:/program files (x86)/gnu tools arm embedded/4.8 2014q2/bin/../lib/gcc/arm-none-eabi/4.8.4/../../../../arm-none-eabi/lib/armv7e-m\libg_s.a(lib_a-fflush.o)
                0x08001184                _fflush_r
 .text._cleanup_r
                0x080011d8       0x32 c:/program files (x86)/gnu tools arm embedded/4.8 2014q2/bin/../lib/gcc/arm-none-eabi/4.8.4/../../../../arm-none-eabi/lib/armv7e-m\libg_s.a(lib_a-findfp.o)
                0x080011d8                _cleanup_r
 *fill*         0x0800120a        0x2 
 .text.std.isra.0
                0x0800120c       0x48 c:/program files (x86)/gnu tools arm embedded/4.8 2014q2/bin/../lib/gcc/arm-none-eabi/4.8.4/../../../../arm-none-eabi/lib/armv7e-m\libg_s.a(lib_a-findfp.o)
 .text.__sfmoreglue
                0x08001254       0x2c c:/program files (x86)/gnu tools arm embedded/4.8 2014q2/bin/../lib/gcc/arm-none-eabi/4.8.4/../../../../arm-none-eabi/lib/armv7e-m\libg_s.a(lib_a-findfp.o)
                0x08001254                __sfmoreglue
 .text.__sinit  0x08001280       0x60 c:/program files (x86)/gnu tools arm embedded/4.8 2014q2/bin/../lib/gcc/arm-none-eabi/4.8.4/../../../../arm-none-eabi/lib/armv7e-m\libg_s.a(lib_a-findfp.o)
                0x08001280                __sinit
 .text.__sfp    0x080012e0       0x74 c:/program files (x86)/gnu tools arm embedded/4.8 2014q2/bin/../lib/gcc/arm-none-eabi/4.8.4/../../../../arm-none-eabi/lib/armv7e-m\libg_s.a(lib_a-findfp.o)
                0x080012e0                __sfp
 .text.__smakebuf_r
                0x08001354       0x9c c:/program files (x86)/gnu tools arm embedded/4.8 2014q2/bin/../lib/gcc/arm-none-eabi/4.8.4/../../../../arm-none-eabi/lib/armv7e-m\libg_s.a(lib_a-makebuf.o)
                0x08001354                __smakebuf_r
 .text.memset   0x080013f0       0x10 c:/program files (x86)/gnu tools arm embedded/4.8 2014q2/bin/../lib/gcc/arm-none-eabi/4.8.4/../../../../arm-none-eabi/lib/armv7e-m\libg_s.a(lib_a-memset.o)
                0x080013f0                memset
 .text._free_r  0x08001400       0x88 c:/program files (x86)/gnu tools arm embedded/4.8 2014q2/bin/../lib/gcc/arm-none-eabi/4.8.4/../../../../arm-none-eabi/lib/armv7e-m\libg_s.a(lib_a-nano-freer.o)
                0x08001400                _free_r
 .text._malloc_r
                0x08001488       0xa8 c:/program files (x86)/gnu tools arm embedded/4.8 2014q2/bin/../lib/gcc/arm-none-eabi/4.8.4/../../../../arm-none-eabi/lib/armv7e-m\libg_s.a(lib_a-nano-mallocr.o)
                0x08001488                _malloc_r
 .text._sbrk_r  0x08001530       0x20 c:/program files (x86)/gnu tools arm embedded/4.8 2014q2/bin/../lib/gcc/arm-none-eabi/4.8.4/../../../../arm-none-eabi/lib/armv7e-m\libg_s.a(lib_a-sbrkr.o)
                0x08001530                _sbrk_r
 .text.__sread  0x08001550       0x22 c:/program files (x86)/gnu tools arm embedded/4.8 2014q2/bin/../lib/gcc/arm-none-eabi/4.8.4/../../../../arm-none-eabi/lib/armv7e-m\libg_s.a(lib_a-stdio.o)
                0x08001550                __sread
 .text.__swrite
                0x08001572       0x38 c:/program files (x86)/gnu tools arm embedded/4.8 2014q2/bin/../lib/gcc/arm-none-eabi/4.8.4/../../../../arm-none-eabi/lib/armv7e-m\libg_s.a(lib_a-stdio.o)
                0x08001572                __swrite
 .text.__sseek  0x080015aa       0x24 c:/program files (x86)/gnu tools arm embedded/4.8 2014q2/bin/../lib/gcc/arm-none-eabi/4.8.4/../../../../arm-none-eabi/lib/armv7e-m\libg_s.a(lib_a-stdio.o)
                0x080015aa                __sseek
 .text.__sclose
                0x080015ce        0x8 c:/program files (x86)/gnu tools arm embedded/4.8 2014q2/bin/../lib/gcc/arm-none-eabi/4.8.4/../../../../arm-none-eabi/lib/armv7e-m\libg_s.a(lib_a-stdio.o)
                0x080015ce                __sclose
 .text.__ssputs_r
                0x080015d6       0xb8 c:/program files (x86)/gnu tools arm embedded/4.8 2014q2/bin/../lib/gcc/arm-none-eabi/4.8.4/../../../../arm-none-eabi/lib/armv7e-m\libg_s.a(lib_a-svfprintf.o)
                0x080015d6                __ssputs_r
 *fill*         0x0800168e        0x2 
 .text._svfprintf_r
                0x08001690      0x1dc c:/program files (x86)/gnu tools arm embedded/4.8 2014q2/bin/../lib/gcc/arm-none-eabi/4.8.4/../../../../arm-none-eabi/lib/armv7e-m\libg_s.a(lib_a-svfprintf.o)
                0x08001690                _svfiprintf_r
                0x08001690                _svfprintf_r
 .text._printf_common
                0x0800186c       0xe4 c:/program files (x86)/gnu tools arm embedded/4.8 2014q2/bin/../lib/gcc/arm-none-eabi/4.8.4/../../../../arm-none-eabi/lib/armv7e-m\libg_s.a(lib_a-vfprintf_i.o)
                0x0800186c                _printf_common
 .text._printf_i
                0x08001950      0x228 c:/program files (x86)/gnu tools arm embedded/4.8 2014q2/bin/../lib/gcc/arm-none-eabi/4.8.4/../../../../arm-none-eabi/lib/armv7e-m\libg_s.a(lib_a-vfprintf_i.o)
                0x08001950                _printf_i
 .text._write_r
                0x08001b78       0x24 c:/program files (x86)/gnu tools arm embedded/4.8 2014q2/bin/../lib/gcc/arm-none-eabi/4.8.4/../../../../arm-none-eabi/lib/armv7e-m\libg_s.a(lib_a-writer.o)
                0x08001b78                _write_r
 .text._close_r
                0x08001b9c       0x20 c:/program files (x86)/gnu tools arm embedded/4.8 2014q2/bin/../lib/gcc/arm-none-eabi/4.8.4/../../../../arm-none-eabi/lib/armv7e-m\libg_s.a(lib_a-closer.o)
                0x08001b9c                _close_r
 .text._fstat_r
                0x08001bbc       0x24 c:/program files (x86)/gnu tools arm embedded/4.8 2014q2/bin/../lib/gcc/arm-none-eabi/4.8.4/../../../../arm-none-eabi/lib/armv7e-m\libg_s.a(lib_a-fstatr.o)
                0x08001bbc                _fstat_r
 .text._isatty_r
                0x08001be0       0x20 c:/program files (x86)/gnu tools arm embedded/4.8 2014q2/bin/../lib/gcc/arm-none-eabi/4.8.4/../../../../arm-none-eabi/lib/armv7e-m\libg_s.a(lib_a-isattyr.o)
                0x08001be0                _isatty_r
 .text._lseek_r
                0x08001c00       0x24 c:/program files (x86)/gnu tools arm embedded/4.8 2014q2/bin/../lib/gcc/arm-none-eabi/4.8.4/../../../../arm-none-eabi/lib/armv7e-m\libg_s.a(lib_a-lseekr.o)
                0x08001c00                _lseek_r
 .text.memchr   0x08001c24       0x1e c:/program files (x86)/gnu tools arm embedded/4.8 2014q2/bin/../lib/gcc/arm-none-eabi/4.8.4/../../../../arm-none-eabi/lib/armv7e-m\libg_s.a(lib_a-memchr-stub.o)
                0x08001c24                memchr
 .text.memcpy   0x08001c42       0x12 c:/program files (x86)/gnu tools arm embedded/4.8 2014q2/bin/../lib/gcc/arm-none-eabi/4.8.4/../../../../arm-none-eabi/lib/armv7e-m\libg_s.a(lib_a-memcpy-stub.o)
                0x08001c42                memcpy
 .text.memmove  0x08001c54       0x36 c:/program files (x86)/gnu tools arm embedded/4.8 2014q2/bin/../lib/gcc/arm-none-eabi/4.8.4/../../../../arm-none-eabi/lib/armv7e-m\libg_s.a(lib_a-memmove.o)
                0x08001c54                memmove
 .text._realloc_r
                0x08001c8a       0x4c c:/program files (x86)/gnu tools arm embedded/4.8 2014q2/bin/../lib/gcc/arm-none-eabi/4.8.4/../../../../arm-none-eabi/lib/armv7e-m\libg_s.a(lib_a-nano-reallocr.o)
                0x08001c8a                _realloc_r
 *fill*         0x08001cd6        0x2 
 .text._read_r  0x08001cd8       0x24 c:/program files (x86)/gnu tools arm embedded/4.8 2014q2/bin/../lib/gcc/arm-none-eabi/4.8.4/../../../../arm-none-eabi/lib/armv7e-m\libg_s.a(lib_a-readr.o)
                0x08001cd8                _read_r
 .text._malloc_usable_size_r
                0x08001cfc       0x12 c:/program files (x86)/gnu tools arm embedded/4.8 2014q2/bin/../lib/gcc/arm-none-eabi/4.8.4/../../../../arm-none-eabi/lib/armv7e-m\libg_s.a(lib_a-nano-msizer.o)
                0x08001cfc                _malloc_usable_size_r
 *(.rodata .rodata.*)
 *fill*         0x08001d0e        0x2 
 .rodata.str1.4
                0x08001d10       0x31 ./system/src/stm32f4-hal/stm32f4xx_hal_cortex.o
                                 0x34 (size before relaxing)
 *fill*         0x08001d41        0x3 
 .rodata.str1.4
                0x08001d44       0x2f ./system/src/stm32f4-hal/stm32f4xx_hal_gpio.o
                                 0x30 (size before relaxing)
 *fill*         0x08001d73        0x1 
 .rodata.APBAHBPrescTable
                0x08001d74       0x10 ./system/src/stm32f4-hal/stm32f4xx_hal_rcc.o
                0x08001d74                APBAHBPrescTable
 .rodata.str1.4
                0x08001d84       0x14 ./system/src/newlib/_exit.o
 .rodata.str1.4
                0x08001d98       0x6b ./system/src/newlib/assert.o
                                 0x70 (size before relaxing)
 *fill*         0x08001e03        0x1 
 .rodata.str1.4
                0x08001e04       0x2d ./system/src/diag/Trace.o
                                 0x30 (size before relaxing)
 *fill*         0x08001e31        0x3 
 .rodata.str1.4
                0x08001e34       0x54 ./src/main.o
 .rodata.str1.1
                0x08001e88        0x2 c:/program files (x86)/gnu tools arm embedded/4.8 2014q2/bin/../lib/gcc/arm-none-eabi/4.8.4/../../../../arm-none-eabi/lib/armv7e-m\libg_s.a(lib_a-impure.o)
 *fill*         0x08001e8a        0x2 
 .rodata._global_impure_ptr
                0x08001e8c        0x4 c:/program files (x86)/gnu tools arm embedded/4.8 2014q2/bin/../lib/gcc/arm-none-eabi/4.8.4/../../../../arm-none-eabi/lib/armv7e-m\libg_s.a(lib_a-impure.o)
                0x08001e8c                _global_impure_ptr
 .rodata.__sf_fake_stdin
                0x08001e90       0x20 c:/program files (x86)/gnu tools arm embedded/4.8 2014q2/bin/../lib/gcc/arm-none-eabi/4.8.4/../../../../arm-none-eabi/lib/armv7e-m\libg_s.a(lib_a-findfp.o)
                0x08001e90                __sf_fake_stdin
 .rodata.__sf_fake_stdout
                0x08001eb0       0x20 c:/program files (x86)/gnu tools arm embedded/4.8 2014q2/bin/../lib/gcc/arm-none-eabi/4.8.4/../../../../arm-none-eabi/lib/armv7e-m\libg_s.a(lib_a-findfp.o)
                0x08001eb0                __sf_fake_stdout
 .rodata.__sf_fake_stderr
                0x08001ed0       0x20 c:/program files (x86)/gnu tools arm embedded/4.8 2014q2/bin/../lib/gcc/arm-none-eabi/4.8.4/../../../../arm-none-eabi/lib/armv7e-m\libg_s.a(lib_a-findfp.o)
                0x08001ed0                __sf_fake_stderr
 .rodata.str1.1
                0x08001ef0       0x11 c:/program files (x86)/gnu tools arm embedded/4.8 2014q2/bin/../lib/gcc/arm-none-eabi/4.8.4/../../../../arm-none-eabi/lib/armv7e-m\libg_s.a(lib_a-svfprintf.o)
 .rodata.str1.1
                0x08001f01       0x22 c:/program files (x86)/gnu tools arm embedded/4.8 2014q2/bin/../lib/gcc/arm-none-eabi/4.8.4/../../../../arm-none-eabi/lib/armv7e-m\libg_s.a(lib_a-vfprintf_i.o)
 *(vtable)
 *(.eh_frame*)
 *(.glue_7)
 .glue_7        0x00000000        0x0 linker stubs
 *(.glue_7t)
 .glue_7t       0x00000000        0x0 linker stubs

.vfp11_veneer   0x08001f24        0x0
 .vfp11_veneer  0x00000000        0x0 linker stubs

.v4_bx          0x08001f24        0x0
 .v4_bx         0x00000000        0x0 linker stubs

.iplt           0x08001f24        0x0
 .iplt          0x00000000        0x0 ./system/src/stm32f4-hal/stm32f4xx_hal.o

.rel.dyn        0x08001f24        0x0
 .rel.iplt      0x00000000        0x0 ./system/src/stm32f4-hal/stm32f4xx_hal.o

.ARM.extab
 *(.ARM.extab* .gnu.linkonce.armextab.*)
                0x08001f24                __exidx_start = .

.ARM.exidx
 *(.ARM.exidx* .gnu.linkonce.armexidx.*)
                0x08001f24                __exidx_end = .
                0x08001f24                . = ALIGN (0x4)
                0x08001f24                _etext = .
                0x08001f24                __etext = .
                0x08001f24                _sidata = _etext

.data           0x20000000       0x78 load address 0x08001f24
                0x20000000                . = ALIGN (0x4)
                0x20000000                _sdata = .
                0x20000000                __data_start__ = .
 *(.data_begin .data_begin.*)
 .data_begin    0x20000000        0x4 ./system/src/newlib/_startup.o
 *(.data .data.*)
 .data.argv.4461
                0x20000004        0x8 ./system/src/newlib/_syscalls.o
 .data.SystemCoreClock
                0x2000000c        0x4 ./system/src/cmsis/system_stm32f4xx.o
                0x2000000c                SystemCoreClock
 .data.impure_data
                0x20000010       0x60 c:/program files (x86)/gnu tools arm embedded/4.8 2014q2/bin/../lib/gcc/arm-none-eabi/4.8.4/../../../../arm-none-eabi/lib/armv7e-m\libg_s.a(lib_a-impure.o)
 .data._impure_ptr
                0x20000070        0x4 c:/program files (x86)/gnu tools arm embedded/4.8 2014q2/bin/../lib/gcc/arm-none-eabi/4.8.4/../../../../arm-none-eabi/lib/armv7e-m\libg_s.a(lib_a-impure.o)
                0x20000070                _impure_ptr
 *(.data_end .data_end.*)
 .data_end      0x20000074        0x4 ./system/src/newlib/_startup.o
                0x20000078                . = ALIGN (0x4)
                0x20000078                _edata = .
                0x20000078                __data_end__ = .

.igot.plt       0x20000078        0x0 load address 0x08001f9c
 .igot.plt      0x00000000        0x0 ./system/src/stm32f4-hal/stm32f4xx_hal.o

.bss            0x20000078       0xa0 load address 0x08001f9c
                0x20000078                . = ALIGN (0x4)
                0x20000078                __bss_start__ = .
                0x20000078                _sbss = .
 *(.bss_begin .bss_begin.*)
 .bss_begin     0x20000078        0x4 ./system/src/newlib/_startup.o
 *(.bss .bss.*)
 .bss.uwTick    0x2000007c        0x4 ./system/src/stm32f4-hal/stm32f4xx_hal.o
 .bss.current_heap_end.4289
                0x20000080        0x4 ./system/src/newlib/_sbrk.o
 .bss.name.4460
                0x20000084        0x4 ./system/src/newlib/_syscalls.o
 .bss.buf.5352  0x20000088       0x80 ./system/src/diag/Trace.o
 .bss.__malloc_sbrk_start
                0x20000108        0x4 c:/program files (x86)/gnu tools arm embedded/4.8 2014q2/bin/../lib/gcc/arm-none-eabi/4.8.4/../../../../arm-none-eabi/lib/armv7e-m\libg_s.a(lib_a-nano-mallocr.o)
                0x20000108                __malloc_sbrk_start
 .bss.__malloc_free_list
                0x2000010c        0x4 c:/program files (x86)/gnu tools arm embedded/4.8 2014q2/bin/../lib/gcc/arm-none-eabi/4.8.4/../../../../arm-none-eabi/lib/armv7e-m\libg_s.a(lib_a-nano-mallocr.o)
                0x2000010c                __malloc_free_list
 *(COMMON)
 COMMON         0x20000110        0x4 ./system/src/newlib/_syscalls.o
                0x20000110                errno
 *(.bss_end .bss_end.*)
 .bss_end       0x20000114        0x4 ./system/src/newlib/_startup.o
                0x20000118                . = ALIGN (0x4)
                0x20000118                __bss_end__ = .
                0x20000118                _ebss = .

.noinit         0x20000118        0x0
                0x20000118                . = ALIGN (0x4)
                0x20000118                _noinit = .
 *(.noinit .noinit.*)
                0x20000118                . = ALIGN (0x4)
                0x20000118                _end_noinit = .
                0x20000118                PROVIDE (end, _end_noinit)
                0x20000118                PROVIDE (_end, _end_noinit)
                0x20000118                PROVIDE (__end, _end_noinit)
                0x20000118                PROVIDE (__end__, _end_noinit)

._check_stack   0x20000118      0x100 load address 0x0800203c
                0x20000118                . = ALIGN (0x4)
                0x20000218                . = (. + _Minimum_Stack_Size)
 *fill*         0x20000118      0x100 
                0x20000218                . = ALIGN (0x4)

.bss_CCMRAM
 *(.bss.CCMRAM .bss.CCMRAM.*)

.b1text
 *(.b1text)
 *(.b1rodata)
 *(.b1rodata.*)

.eb0text
 *(.eb0text)
 *(.eb0rodata)
 *(.eb0rodata.*)

.eb1text
 *(.eb1text)
 *(.eb1rodata)
 *(.eb1rodata.*)

.eb2text
 *(.eb2text)
 *(.eb2rodata)
 *(.eb2rodata.*)

.eb3text
 *(.eb3text)
 *(.eb3rodata)
 *(.eb3rodata.*)

.stab
 *(.stab)

.stabstr
 *(.stabstr)

.stab.excl
 *(.stab.excl)

.stab.exclstr
 *(.stab.exclstr)

.stab.index
 *(.stab.index)

.stab.indexstr
 *(.stab.indexstr)

.comment        0x00000000       0x70
 *(.comment)
 .comment       0x00000000       0x70 ./system/src/stm32f4-hal/stm32f4xx_hal.o
                                 0x71 (size before relaxing)
 .comment       0x00000000       0x71 ./system/src/stm32f4-hal/stm32f4xx_hal_cortex.o
 .comment       0x00000000       0x71 ./system/src/stm32f4-hal/stm32f4xx_hal_gpio.o
 .comment       0x00000000       0x71 ./system/src/stm32f4-hal/stm32f4xx_hal_rcc.o
 .comment       0x00000000       0x71 ./system/src/newlib/_exit.o
 .comment       0x00000000       0x71 ./system/src/newlib/_sbrk.o
 .comment       0x00000000       0x71 ./system/src/newlib/_startup.o
 .comment       0x00000000       0x71 ./system/src/newlib/_syscalls.o
 .comment       0x00000000       0x71 ./system/src/newlib/_write.o
 .comment       0x00000000       0x71 ./system/src/newlib/assert.o
 .comment       0x00000000       0x71 ./system/src/diag/Trace.o
 .comment       0x00000000       0x71 ./system/src/diag/trace_impl.o
 .comment       0x00000000       0x71 ./system/src/cortexm/_initialize_hardware.o
 .comment       0x00000000       0x71 ./system/src/cortexm/exception_handlers.o
 .comment       0x00000000       0x71 ./system/src/cmsis/system_stm32f4xx.o
 .comment       0x00000000       0x71 ./system/src/cmsis/vectors_stm32f4xx.o
 .comment       0x00000000       0x71 ./src/BlinkLed.o
 .comment       0x00000000       0x71 ./src/main.o
 .comment       0x00000000       0x71 ./src/stm32f4xx_it.o

.ARM.attributes
                0x00000000       0x31
 .ARM.attributes
                0x00000000       0x33 ./system/src/stm32f4-hal/stm32f4xx_hal.o
 .ARM.attributes
                0x00000033       0x33 ./system/src/stm32f4-hal/stm32f4xx_hal_cortex.o
 .ARM.attributes
                0x00000066       0x33 ./system/src/stm32f4-hal/stm32f4xx_hal_gpio.o
 .ARM.attributes
                0x00000099       0x33 ./system/src/stm32f4-hal/stm32f4xx_hal_rcc.o
 .ARM.attributes
                0x000000cc       0x33 ./system/src/newlib/_exit.o
 .ARM.attributes
                0x000000ff       0x33 ./system/src/newlib/_sbrk.o
 .ARM.attributes
                0x00000132       0x33 ./system/src/newlib/_startup.o
 .ARM.attributes
                0x00000165       0x33 ./system/src/newlib/_syscalls.o
 .ARM.attributes
                0x00000198       0x33 ./system/src/newlib/_write.o
 .ARM.attributes
                0x000001cb       0x33 ./system/src/newlib/assert.o
 .ARM.attributes
                0x000001fe       0x33 ./system/src/diag/Trace.o
 .ARM.attributes
                0x00000231       0x33 ./system/src/diag/trace_impl.o
 .ARM.attributes
                0x00000264       0x33 ./system/src/cortexm/_initialize_hardware.o
 .ARM.attributes
                0x00000297       0x33 ./system/src/cortexm/exception_handlers.o
 .ARM.attributes
                0x000002ca       0x33 ./system/src/cmsis/system_stm32f4xx.o
 .ARM.attributes
                0x000002fd       0x33 ./system/src/cmsis/vectors_stm32f4xx.o
 .ARM.attributes
                0x00000330       0x33 ./src/BlinkLed.o
 .ARM.attributes
                0x00000363       0x33 ./src/main.o
 .ARM.attributes
                0x00000396       0x21 ./src/startup_stm32f411xe.o
 .ARM.attributes
                0x000003b7       0x33 ./src/stm32f4xx_it.o
 .ARM.attributes
                0x000003ea       0x2e c:/program files (x86)/gnu tools arm embedded/4.8 2014q2/bin/../lib/gcc/arm-none-eabi/4.8.4/../../../../arm-none-eabi/lib/armv7e-m\libg_s.a(lib_a-errno.o)
 .ARM.attributes
                0x00000418       0x2e c:/program files (x86)/gnu tools arm embedded/4.8 2014q2/bin/../lib/gcc/arm-none-eabi/4.8.4/../../../../arm-none-eabi/lib/armv7e-m\libg_s.a(lib_a-fwrite.o)
 .ARM.attributes
                0x00000446       0x2e c:/program files (x86)/gnu tools arm embedded/4.8 2014q2/bin/../lib/gcc/arm-none-eabi/4.8.4/../../../../arm-none-eabi/lib/armv7e-m\libg_s.a(lib_a-impure.o)
 .ARM.attributes
                0x00000474       0x2e c:/program files (x86)/gnu tools arm embedded/4.8 2014q2/bin/../lib/gcc/arm-none-eabi/4.8.4/../../../../arm-none-eabi/lib/armv7e-m\libg_s.a(lib_a-puts.o)
 .ARM.attributes
                0x000004a2       0x2e c:/program files (x86)/gnu tools arm embedded/4.8 2014q2/bin/../lib/gcc/arm-none-eabi/4.8.4/../../../../arm-none-eabi/lib/armv7e-m\libg_s.a(lib_a-strlen.o)
 .ARM.attributes
                0x000004d0       0x2e c:/program files (x86)/gnu tools arm embedded/4.8 2014q2/bin/../lib/gcc/arm-none-eabi/4.8.4/../../../../arm-none-eabi/lib/armv7e-m\libg_s.a(lib_a-vsnprintf.o)
 .ARM.attributes
                0x000004fe       0x2e c:/program files (x86)/gnu tools arm embedded/4.8 2014q2/bin/../lib/gcc/arm-none-eabi/4.8.4/../../../../arm-none-eabi/lib/armv7e-m\libg_s.a(lib_a-wbuf.o)
 .ARM.attributes
                0x0000052c       0x2e c:/program files (x86)/gnu tools arm embedded/4.8 2014q2/bin/../lib/gcc/arm-none-eabi/4.8.4/../../../../arm-none-eabi/lib/armv7e-m\libg_s.a(lib_a-wsetup.o)
 .ARM.attributes
                0x0000055a       0x2e c:/program files (x86)/gnu tools arm embedded/4.8 2014q2/bin/../lib/gcc/arm-none-eabi/4.8.4/../../../../arm-none-eabi/lib/armv7e-m\libg_s.a(lib_a-fflush.o)
 .ARM.attributes
                0x00000588       0x2e c:/program files (x86)/gnu tools arm embedded/4.8 2014q2/bin/../lib/gcc/arm-none-eabi/4.8.4/../../../../arm-none-eabi/lib/armv7e-m\libg_s.a(lib_a-findfp.o)
 .ARM.attributes
                0x000005b6       0x2e c:/program files (x86)/gnu tools arm embedded/4.8 2014q2/bin/../lib/gcc/arm-none-eabi/4.8.4/../../../../arm-none-eabi/lib/armv7e-m\libg_s.a(lib_a-makebuf.o)
 .ARM.attributes
                0x000005e4       0x2e c:/program files (x86)/gnu tools arm embedded/4.8 2014q2/bin/../lib/gcc/arm-none-eabi/4.8.4/../../../../arm-none-eabi/lib/armv7e-m\libg_s.a(lib_a-memset.o)
 .ARM.attributes
                0x00000612       0x2e c:/program files (x86)/gnu tools arm embedded/4.8 2014q2/bin/../lib/gcc/arm-none-eabi/4.8.4/../../../../arm-none-eabi/lib/armv7e-m\libg_s.a(lib_a-nano-freer.o)
 .ARM.attributes
                0x00000640       0x2e c:/program files (x86)/gnu tools arm embedded/4.8 2014q2/bin/../lib/gcc/arm-none-eabi/4.8.4/../../../../arm-none-eabi/lib/armv7e-m\libg_s.a(lib_a-nano-mallocr.o)
 .ARM.attributes
                0x0000066e       0x2e c:/program files (x86)/gnu tools arm embedded/4.8 2014q2/bin/../lib/gcc/arm-none-eabi/4.8.4/../../../../arm-none-eabi/lib/armv7e-m\libg_s.a(lib_a-sbrkr.o)
 .ARM.attributes
                0x0000069c       0x2e c:/program files (x86)/gnu tools arm embedded/4.8 2014q2/bin/../lib/gcc/arm-none-eabi/4.8.4/../../../../arm-none-eabi/lib/armv7e-m\libg_s.a(lib_a-stdio.o)
 .ARM.attributes
                0x000006ca       0x2e c:/program files (x86)/gnu tools arm embedded/4.8 2014q2/bin/../lib/gcc/arm-none-eabi/4.8.4/../../../../arm-none-eabi/lib/armv7e-m\libg_s.a(lib_a-svfprintf.o)
 .ARM.attributes
                0x000006f8       0x2e c:/program files (x86)/gnu tools arm embedded/4.8 2014q2/bin/../lib/gcc/arm-none-eabi/4.8.4/../../../../arm-none-eabi/lib/armv7e-m\libg_s.a(lib_a-vfprintf_i.o)
 .ARM.attributes
                0x00000726       0x2e c:/program files (x86)/gnu tools arm embedded/4.8 2014q2/bin/../lib/gcc/arm-none-eabi/4.8.4/../../../../arm-none-eabi/lib/armv7e-m\libg_s.a(lib_a-writer.o)
 .ARM.attributes
                0x00000754       0x2e c:/program files (x86)/gnu tools arm embedded/4.8 2014q2/bin/../lib/gcc/arm-none-eabi/4.8.4/../../../../arm-none-eabi/lib/armv7e-m\libg_s.a(lib_a-closer.o)
 .ARM.attributes
                0x00000782       0x2e c:/program files (x86)/gnu tools arm embedded/4.8 2014q2/bin/../lib/gcc/arm-none-eabi/4.8.4/../../../../arm-none-eabi/lib/armv7e-m\libg_s.a(lib_a-fstatr.o)
 .ARM.attributes
                0x000007b0       0x2e c:/program files (x86)/gnu tools arm embedded/4.8 2014q2/bin/../lib/gcc/arm-none-eabi/4.8.4/../../../../arm-none-eabi/lib/armv7e-m\libg_s.a(lib_a-isattyr.o)
 .ARM.attributes
                0x000007de       0x2e c:/program files (x86)/gnu tools arm embedded/4.8 2014q2/bin/../lib/gcc/arm-none-eabi/4.8.4/../../../../arm-none-eabi/lib/armv7e-m\libg_s.a(lib_a-lseekr.o)
 .ARM.attributes
                0x0000080c       0x2e c:/program files (x86)/gnu tools arm embedded/4.8 2014q2/bin/../lib/gcc/arm-none-eabi/4.8.4/../../../../arm-none-eabi/lib/armv7e-m\libg_s.a(lib_a-memchr-stub.o)
 .ARM.attributes
                0x0000083a       0x2e c:/program files (x86)/gnu tools arm embedded/4.8 2014q2/bin/../lib/gcc/arm-none-eabi/4.8.4/../../../../arm-none-eabi/lib/armv7e-m\libg_s.a(lib_a-memcpy-stub.o)
 .ARM.attributes
                0x00000868       0x2e c:/program files (x86)/gnu tools arm embedded/4.8 2014q2/bin/../lib/gcc/arm-none-eabi/4.8.4/../../../../arm-none-eabi/lib/armv7e-m\libg_s.a(lib_a-memmove.o)
 .ARM.attributes
                0x00000896       0x2e c:/program files (x86)/gnu tools arm embedded/4.8 2014q2/bin/../lib/gcc/arm-none-eabi/4.8.4/../../../../arm-none-eabi/lib/armv7e-m\libg_s.a(lib_a-nano-reallocr.o)
 .ARM.attributes
                0x000008c4       0x2e c:/program files (x86)/gnu tools arm embedded/4.8 2014q2/bin/../lib/gcc/arm-none-eabi/4.8.4/../../../../arm-none-eabi/lib/armv7e-m\libg_s.a(lib_a-readr.o)
 .ARM.attributes
                0x000008f2       0x2e c:/program files (x86)/gnu tools arm embedded/4.8 2014q2/bin/../lib/gcc/arm-none-eabi/4.8.4/../../../../arm-none-eabi/lib/armv7e-m\libg_s.a(lib_a-nano-msizer.o)

.debug
 *(.debug)

.line
 *(.line)

.debug_srcinfo
 *(.debug_srcinfo)

.debug_sfnames
 *(.debug_sfnames)

.debug_aranges  0x00000000      0x598
 *(.debug_aranges)
 .debug_aranges
                0x00000000       0xc0 ./system/src/stm32f4-hal/stm32f4xx_hal.o
 .debug_aranges
                0x000000c0       0x90 ./system/src/stm32f4-hal/stm32f4xx_hal_cortex.o
 .debug_aranges
                0x00000150       0x58 ./system/src/stm32f4-hal/stm32f4xx_hal_gpio.o
 .debug_aranges
                0x000001a8       0x88 ./system/src/stm32f4-hal/stm32f4xx_hal_rcc.o
 .debug_aranges
                0x00000230       0x28 ./system/src/newlib/_exit.o
 .debug_aranges
                0x00000258       0x20 ./system/src/newlib/_sbrk.o
 .debug_aranges
                0x00000278       0x40 ./system/src/newlib/_startup.o
 .debug_aranges
                0x000002b8       0xd0 ./system/src/newlib/_syscalls.o
 .debug_aranges
                0x00000388       0x20 ./system/src/newlib/_write.o
 .debug_aranges
                0x000003a8       0x28 ./system/src/newlib/assert.o
 .debug_aranges
                0x000003d0       0x38 ./system/src/diag/Trace.o
 .debug_aranges
                0x00000408       0x30 ./system/src/diag/trace_impl.o
 .debug_aranges
                0x00000438       0x20 ./system/src/cortexm/_initialize_hardware.o
 .debug_aranges
                0x00000458       0x68 ./system/src/cortexm/exception_handlers.o
 .debug_aranges
                0x000004c0       0x28 ./system/src/cmsis/system_stm32f4xx.o
 .debug_aranges
                0x000004e8       0x20 ./system/src/cmsis/vectors_stm32f4xx.o
 .debug_aranges
                0x00000508       0x20 ./src/BlinkLed.o
 .debug_aranges
                0x00000528       0x28 ./src/main.o
 .debug_aranges
                0x00000550       0x28 ./src/startup_stm32f411xe.o
 .debug_aranges
                0x00000578       0x20 ./src/stm32f4xx_it.o

.debug_pubnames
 *(.debug_pubnames)

.debug_info     0x00000000     0x6497
 *(.debug_info .gnu.linkonce.wi.*)
 .debug_info    0x00000000      0x805 ./system/src/stm32f4-hal/stm32f4xx_hal.o
 .debug_info    0x00000805      0xcfb ./system/src/stm32f4-hal/stm32f4xx_hal_cortex.o
 .debug_info    0x00001500      0x833 ./system/src/stm32f4-hal/stm32f4xx_hal_gpio.o
 .debug_info    0x00001d33     0x1343 ./system/src/stm32f4-hal/stm32f4xx_hal_rcc.o
 .debug_info    0x00003076      0x100 ./system/src/newlib/_exit.o
 .debug_info    0x00003176      0x125 ./system/src/newlib/_sbrk.o
 .debug_info    0x0000329b      0x469 ./system/src/newlib/_startup.o
 .debug_info    0x00003704      0x8f3 ./system/src/newlib/_syscalls.o
 .debug_info    0x00003ff7      0x147 ./system/src/newlib/_write.o
 .debug_info    0x0000413e      0x1cd ./system/src/newlib/assert.o
 .debug_info    0x0000430b      0x325 ./system/src/diag/Trace.o
 .debug_info    0x00004630      0x3fe ./system/src/diag/trace_impl.o
 .debug_info    0x00004a2e       0xc4 ./system/src/cortexm/_initialize_hardware.o
 .debug_info    0x00004af2       0xe9 ./system/src/cortexm/exception_handlers.o
 .debug_info    0x00004bdb      0x4a7 ./system/src/cmsis/system_stm32f4xx.o
 .debug_info    0x00005082       0x92 ./system/src/cmsis/vectors_stm32f4xx.o
 .debug_info    0x00005114      0x43a ./src/BlinkLed.o
 .debug_info    0x0000554e      0xe0e ./src/main.o
 .debug_info    0x0000635c       0x67 ./src/startup_stm32f411xe.o
 .debug_info    0x000063c3       0xd4 ./src/stm32f4xx_it.o

.debug_abbrev   0x00000000     0x1a93
 *(.debug_abbrev)
 .debug_abbrev  0x00000000      0x222 ./system/src/stm32f4-hal/stm32f4xx_hal.o
 .debug_abbrev  0x00000222      0x2c5 ./system/src/stm32f4-hal/stm32f4xx_hal_cortex.o
 .debug_abbrev  0x000004e7      0x1fe ./system/src/stm32f4-hal/stm32f4xx_hal_gpio.o
 .debug_abbrev  0x000006e5      0x2fb ./system/src/stm32f4-hal/stm32f4xx_hal_rcc.o
 .debug_abbrev  0x000009e0       0xa4 ./system/src/newlib/_exit.o
 .debug_abbrev  0x00000a84       0xbb ./system/src/newlib/_sbrk.o
 .debug_abbrev  0x00000b3f      0x1da ./system/src/newlib/_startup.o
 .debug_abbrev  0x00000d19      0x178 ./system/src/newlib/_syscalls.o
 .debug_abbrev  0x00000e91       0xd7 ./system/src/newlib/_write.o
 .debug_abbrev  0x00000f68       0xc9 ./system/src/newlib/assert.o
 .debug_abbrev  0x00001031      0x178 ./system/src/diag/Trace.o
 .debug_abbrev  0x000011a9      0x188 ./system/src/diag/trace_impl.o
 .debug_abbrev  0x00001331       0x88 ./system/src/cortexm/_initialize_hardware.o
 .debug_abbrev  0x000013b9       0x65 ./system/src/cortexm/exception_handlers.o
 .debug_abbrev  0x0000141e      0x104 ./system/src/cmsis/system_stm32f4xx.o
 .debug_abbrev  0x00001522       0x92 ./system/src/cmsis/vectors_stm32f4xx.o
 .debug_abbrev  0x000015b4      0x162 ./src/BlinkLed.o
 .debug_abbrev  0x00001716      0x2e3 ./src/main.o
 .debug_abbrev  0x000019f9       0x12 ./src/startup_stm32f411xe.o
 .debug_abbrev  0x00001a0b       0x88 ./src/stm32f4xx_it.o

.debug_line     0x00000000     0x7189
 *(.debug_line)
 .debug_line    0x00000000      0x938 ./system/src/stm32f4-hal/stm32f4xx_hal.o
 .debug_line    0x00000938      0x970 ./system/src/stm32f4-hal/stm32f4xx_hal_cortex.o
 .debug_line    0x000012a8      0x949 ./system/src/stm32f4-hal/stm32f4xx_hal_gpio.o
 .debug_line    0x00001bf1      0xcd1 ./system/src/stm32f4-hal/stm32f4xx_hal_rcc.o
 .debug_line    0x000028c2      0x2b2 ./system/src/newlib/_exit.o
 .debug_line    0x00002b74      0x264 ./system/src/newlib/_sbrk.o
 .debug_line    0x00002dd8      0x327 ./system/src/newlib/_startup.o
 .debug_line    0x000030ff      0x4cf ./system/src/newlib/_syscalls.o
 .debug_line    0x000035ce      0x298 ./system/src/newlib/_write.o
 .debug_line    0x00003866      0x2e9 ./system/src/newlib/assert.o
 .debug_line    0x00003b4f      0x380 ./system/src/diag/Trace.o
 .debug_line    0x00003ecf      0x8bb ./system/src/diag/trace_impl.o
 .debug_line    0x0000478a      0x7dd ./system/src/cortexm/_initialize_hardware.o
 .debug_line    0x00004f67       0x9f ./system/src/cortexm/exception_handlers.o
 .debug_line    0x00005006      0x7ef ./system/src/cmsis/system_stm32f4xx.o
 .debug_line    0x000057f5       0x89 ./system/src/cmsis/vectors_stm32f4xx.o
 .debug_line    0x0000587e      0x7cd ./src/BlinkLed.o
 .debug_line    0x0000604b      0x8fc ./src/main.o
 .debug_line    0x00006947       0x7b ./src/startup_stm32f411xe.o
 .debug_line    0x000069c2      0x7c7 ./src/stm32f4xx_it.o

.debug_frame    0x00000000     0x1214
 *(.debug_frame)
 .debug_frame   0x00000000      0x184 ./system/src/stm32f4-hal/stm32f4xx_hal.o
 .debug_frame   0x00000184      0x134 ./system/src/stm32f4-hal/stm32f4xx_hal_cortex.o
 .debug_frame   0x000002b8       0xf4 ./system/src/stm32f4-hal/stm32f4xx_hal_gpio.o
 .debug_frame   0x000003ac      0x140 ./system/src/stm32f4-hal/stm32f4xx_hal_rcc.o
 .debug_frame   0x000004ec       0x38 ./system/src/newlib/_exit.o
 .debug_frame   0x00000524       0x28 ./system/src/newlib/_sbrk.o
 .debug_frame   0x0000054c       0x80 ./system/src/newlib/_startup.o
 .debug_frame   0x000005cc      0x230 ./system/src/newlib/_syscalls.o
 .debug_frame   0x000007fc       0x28 ./system/src/newlib/_write.o
 .debug_frame   0x00000824       0x40 ./system/src/newlib/assert.o
 .debug_frame   0x00000864       0x84 ./system/src/diag/Trace.o
 .debug_frame   0x000008e8       0x50 ./system/src/diag/trace_impl.o
 .debug_frame   0x00000938       0x28 ./system/src/cortexm/_initialize_hardware.o
 .debug_frame   0x00000960       0xb8 ./system/src/cortexm/exception_handlers.o
 .debug_frame   0x00000a18       0x30 ./system/src/cmsis/system_stm32f4xx.o
 .debug_frame   0x00000a48       0x20 ./system/src/cmsis/vectors_stm32f4xx.o
 .debug_frame   0x00000a68       0x2c ./src/BlinkLed.o
 .debug_frame   0x00000a94       0x3c ./src/main.o
 .debug_frame   0x00000ad0       0x28 ./src/stm32f4xx_it.o
 .debug_frame   0x00000af8       0x20 c:/program files (x86)/gnu tools arm embedded/4.8 2014q2/bin/../lib/gcc/arm-none-eabi/4.8.4/../../../../arm-none-eabi/lib/armv7e-m\libg_s.a(lib_a-errno.o)
 .debug_frame   0x00000b18       0x54 c:/program files (x86)/gnu tools arm embedded/4.8 2014q2/bin/../lib/gcc/arm-none-eabi/4.8.4/../../../../arm-none-eabi/lib/armv7e-m\libg_s.a(lib_a-fwrite.o)
 .debug_frame   0x00000b6c       0x3c c:/program files (x86)/gnu tools arm embedded/4.8 2014q2/bin/../lib/gcc/arm-none-eabi/4.8.4/../../../../arm-none-eabi/lib/armv7e-m\libg_s.a(lib_a-puts.o)
 .debug_frame   0x00000ba8       0x20 c:/program files (x86)/gnu tools arm embedded/4.8 2014q2/bin/../lib/gcc/arm-none-eabi/4.8.4/../../../../arm-none-eabi/lib/armv7e-m\libg_s.a(lib_a-strlen.o)
 .debug_frame   0x00000bc8       0x4c c:/program files (x86)/gnu tools arm embedded/4.8 2014q2/bin/../lib/gcc/arm-none-eabi/4.8.4/../../../../arm-none-eabi/lib/armv7e-m\libg_s.a(lib_a-vsnprintf.o)
 .debug_frame   0x00000c14       0x3c c:/program files (x86)/gnu tools arm embedded/4.8 2014q2/bin/../lib/gcc/arm-none-eabi/4.8.4/../../../../arm-none-eabi/lib/armv7e-m\libg_s.a(lib_a-wbuf.o)
 .debug_frame   0x00000c50       0x2c c:/program files (x86)/gnu tools arm embedded/4.8 2014q2/bin/../lib/gcc/arm-none-eabi/4.8.4/../../../../arm-none-eabi/lib/armv7e-m\libg_s.a(lib_a-wsetup.o)
 .debug_frame   0x00000c7c       0x5c c:/program files (x86)/gnu tools arm embedded/4.8 2014q2/bin/../lib/gcc/arm-none-eabi/4.8.4/../../../../arm-none-eabi/lib/armv7e-m\libg_s.a(lib_a-fflush.o)
 .debug_frame   0x00000cd8      0x12c c:/program files (x86)/gnu tools arm embedded/4.8 2014q2/bin/../lib/gcc/arm-none-eabi/4.8.4/../../../../arm-none-eabi/lib/armv7e-m\libg_s.a(lib_a-findfp.o)
 .debug_frame   0x00000e04       0x30 c:/program files (x86)/gnu tools arm embedded/4.8 2014q2/bin/../lib/gcc/arm-none-eabi/4.8.4/../../../../arm-none-eabi/lib/armv7e-m\libg_s.a(lib_a-makebuf.o)
 .debug_frame   0x00000e34       0x20 c:/program files (x86)/gnu tools arm embedded/4.8 2014q2/bin/../lib/gcc/arm-none-eabi/4.8.4/../../../../arm-none-eabi/lib/armv7e-m\libg_s.a(lib_a-memset.o)
 .debug_frame   0x00000e54       0x2c c:/program files (x86)/gnu tools arm embedded/4.8 2014q2/bin/../lib/gcc/arm-none-eabi/4.8.4/../../../../arm-none-eabi/lib/armv7e-m\libg_s.a(lib_a-nano-freer.o)
 .debug_frame   0x00000e80       0x2c c:/program files (x86)/gnu tools arm embedded/4.8 2014q2/bin/../lib/gcc/arm-none-eabi/4.8.4/../../../../arm-none-eabi/lib/armv7e-m\libg_s.a(lib_a-nano-mallocr.o)
 .debug_frame   0x00000eac       0x2c c:/program files (x86)/gnu tools arm embedded/4.8 2014q2/bin/../lib/gcc/arm-none-eabi/4.8.4/../../../../arm-none-eabi/lib/armv7e-m\libg_s.a(lib_a-sbrkr.o)
 .debug_frame   0x00000ed8       0x80 c:/program files (x86)/gnu tools arm embedded/4.8 2014q2/bin/../lib/gcc/arm-none-eabi/4.8.4/../../../../arm-none-eabi/lib/armv7e-m\libg_s.a(lib_a-stdio.o)
 .debug_frame   0x00000f58       0x88 c:/program files (x86)/gnu tools arm embedded/4.8 2014q2/bin/../lib/gcc/arm-none-eabi/4.8.4/../../../../arm-none-eabi/lib/armv7e-m\libg_s.a(lib_a-svfprintf.o)
 .debug_frame   0x00000fe0       0x60 c:/program files (x86)/gnu tools arm embedded/4.8 2014q2/bin/../lib/gcc/arm-none-eabi/4.8.4/../../../../arm-none-eabi/lib/armv7e-m\libg_s.a(lib_a-vfprintf_i.o)
 .debug_frame   0x00001040       0x2c c:/program files (x86)/gnu tools arm embedded/4.8 2014q2/bin/../lib/gcc/arm-none-eabi/4.8.4/../../../../arm-none-eabi/lib/armv7e-m\libg_s.a(lib_a-writer.o)
 .debug_frame   0x0000106c       0x2c c:/program files (x86)/gnu tools arm embedded/4.8 2014q2/bin/../lib/gcc/arm-none-eabi/4.8.4/../../../../arm-none-eabi/lib/armv7e-m\libg_s.a(lib_a-closer.o)
 .debug_frame   0x00001098       0x2c c:/program files (x86)/gnu tools arm embedded/4.8 2014q2/bin/../lib/gcc/arm-none-eabi/4.8.4/../../../../arm-none-eabi/lib/armv7e-m\libg_s.a(lib_a-fstatr.o)
 .debug_frame   0x000010c4       0x2c c:/program files (x86)/gnu tools arm embedded/4.8 2014q2/bin/../lib/gcc/arm-none-eabi/4.8.4/../../../../arm-none-eabi/lib/armv7e-m\libg_s.a(lib_a-isattyr.o)
 .debug_frame   0x000010f0       0x2c c:/program files (x86)/gnu tools arm embedded/4.8 2014q2/bin/../lib/gcc/arm-none-eabi/4.8.4/../../../../arm-none-eabi/lib/armv7e-m\libg_s.a(lib_a-lseekr.o)
 .debug_frame   0x0000111c       0x28 c:/program files (x86)/gnu tools arm embedded/4.8 2014q2/bin/../lib/gcc/arm-none-eabi/4.8.4/../../../../arm-none-eabi/lib/armv7e-m\libg_s.a(lib_a-memchr-stub.o)
 .debug_frame   0x00001144       0x28 c:/program files (x86)/gnu tools arm embedded/4.8 2014q2/bin/../lib/gcc/arm-none-eabi/4.8.4/../../../../arm-none-eabi/lib/armv7e-m\libg_s.a(lib_a-memcpy-stub.o)
 .debug_frame   0x0000116c       0x2c c:/program files (x86)/gnu tools arm embedded/4.8 2014q2/bin/../lib/gcc/arm-none-eabi/4.8.4/../../../../arm-none-eabi/lib/armv7e-m\libg_s.a(lib_a-memmove.o)
 .debug_frame   0x00001198       0x30 c:/program files (x86)/gnu tools arm embedded/4.8 2014q2/bin/../lib/gcc/arm-none-eabi/4.8.4/../../../../arm-none-eabi/lib/armv7e-m\libg_s.a(lib_a-nano-reallocr.o)
 .debug_frame   0x000011c8       0x2c c:/program files (x86)/gnu tools arm embedded/4.8 2014q2/bin/../lib/gcc/arm-none-eabi/4.8.4/../../../../arm-none-eabi/lib/armv7e-m\libg_s.a(lib_a-readr.o)
 .debug_frame   0x000011f4       0x20 c:/program files (x86)/gnu tools arm embedded/4.8 2014q2/bin/../lib/gcc/arm-none-eabi/4.8.4/../../../../arm-none-eabi/lib/armv7e-m\libg_s.a(lib_a-nano-msizer.o)

.debug_str      0x00000000    0x58b12
 *(.debug_str)
 .debug_str     0x00000000    0x520fe ./system/src/stm32f4-hal/stm32f4xx_hal.o
                              0x522a4 (size before relaxing)
 .debug_str     0x000520fe      0x2a3 ./system/src/stm32f4-hal/stm32f4xx_hal_cortex.o
                              0x52070 (size before relaxing)
 .debug_str     0x000523a1      0x600 ./system/src/stm32f4-hal/stm32f4xx_hal_gpio.o
                              0x52009 (size before relaxing)
 .debug_str     0x000529a1      0x430 ./system/src/stm32f4-hal/stm32f4xx_hal_rcc.o
                              0x51f19 (size before relaxing)
 .debug_str     0x00052dd1     0x2803 ./system/src/newlib/_exit.o
                               0x4ef9 (size before relaxing)
 .debug_str     0x000555d4      0x4de ./system/src/newlib/_sbrk.o
                               0x44af (size before relaxing)
 .debug_str     0x00055ab2      0x246 ./system/src/newlib/_startup.o
                               0x3f1f (size before relaxing)
 .debug_str     0x00055cf8      0xe30 ./system/src/newlib/_syscalls.o
                               0x536e (size before relaxing)
 .debug_str     0x00056b28       0x39 ./system/src/newlib/_write.o
                               0x528f (size before relaxing)
 .debug_str     0x00056b61       0xd0 ./system/src/newlib/assert.o
                               0x58bc (size before relaxing)
 .debug_str     0x00056c31     0x1748 ./system/src/diag/Trace.o
                               0x65e0 (size before relaxing)
 .debug_str     0x00058379       0xd1 ./system/src/diag/trace_impl.o
                              0x5354a (size before relaxing)
 .debug_str     0x0005844a       0x38 ./system/src/cortexm/_initialize_hardware.o
                              0x518d8 (size before relaxing)
 .debug_str     0x00058482       0xe8 ./system/src/cortexm/exception_handlers.o
                               0x253b (size before relaxing)
 .debug_str     0x0005856a       0x5c ./system/src/cmsis/system_stm32f4xx.o
                              0x51a7d (size before relaxing)
 .debug_str     0x000585c6       0x57 ./system/src/cmsis/vectors_stm32f4xx.o
                               0x24d8 (size before relaxing)
 .debug_str     0x0005861d      0x12e ./src/BlinkLed.o
                              0x51b71 (size before relaxing)
 .debug_str     0x0005874b      0x39f ./src/main.o
                              0x55117 (size before relaxing)
 .debug_str     0x00058aea       0x28 ./src/stm32f4xx_it.o
                              0x518cc (size before relaxing)

.debug_loc      0x00000000     0x1fdf
 *(.debug_loc)
 .debug_loc     0x00000000       0x6a ./system/src/stm32f4-hal/stm32f4xx_hal.o
 .debug_loc     0x0000006a      0x63b ./system/src/stm32f4-hal/stm32f4xx_hal_cortex.o
 .debug_loc     0x000006a5      0x40d ./system/src/stm32f4-hal/stm32f4xx_hal_gpio.o
 .debug_loc     0x00000ab2      0x893 ./system/src/stm32f4-hal/stm32f4xx_hal_rcc.o
 .debug_loc     0x00001345       0x6b ./system/src/newlib/_sbrk.o
 .debug_loc     0x000013b0      0x265 ./system/src/newlib/_startup.o
 .debug_loc     0x00001615      0x549 ./system/src/newlib/_syscalls.o
 .debug_loc     0x00001b5e       0xad ./system/src/newlib/_write.o
 .debug_loc     0x00001c0b      0x102 ./system/src/newlib/assert.o
 .debug_loc     0x00001d0d       0xf7 ./system/src/diag/Trace.o
 .debug_loc     0x00001e04       0x97 ./system/src/diag/trace_impl.o
 .debug_loc     0x00001e9b      0x125 ./system/src/cmsis/system_stm32f4xx.o
 .debug_loc     0x00001fc0       0x1f ./src/main.o

.debug_macinfo
 *(.debug_macinfo)

.debug_weaknames
 *(.debug_weaknames)

.debug_funcnames
 *(.debug_funcnames)

.debug_typenames
 *(.debug_typenames)

.debug_varnames
 *(.debug_varnames)
OUTPUT(Test.elf elf32-littlearm)

.debug_ranges   0x00000000      0x490
 .debug_ranges  0x00000000       0xb0 ./system/src/stm32f4-hal/stm32f4xx_hal.o
 .debug_ranges  0x000000b0       0x80 ./system/src/stm32f4-hal/stm32f4xx_hal_cortex.o
 .debug_ranges  0x00000130       0x48 ./system/src/stm32f4-hal/stm32f4xx_hal_gpio.o
 .debug_ranges  0x00000178       0x78 ./system/src/stm32f4-hal/stm32f4xx_hal_rcc.o
 .debug_ranges  0x000001f0       0x18 ./system/src/newlib/_exit.o
 .debug_ranges  0x00000208       0x10 ./system/src/newlib/_sbrk.o
 .debug_ranges  0x00000218       0x48 ./system/src/newlib/_startup.o
 .debug_ranges  0x00000260       0xc0 ./system/src/newlib/_syscalls.o
 .debug_ranges  0x00000320       0x10 ./system/src/newlib/_write.o
 .debug_ranges  0x00000330       0x18 ./system/src/newlib/assert.o
 .debug_ranges  0x00000348       0x28 ./system/src/diag/Trace.o
 .debug_ranges  0x00000370       0x20 ./system/src/diag/trace_impl.o
 .debug_ranges  0x00000390       0x10 ./system/src/cortexm/_initialize_hardware.o
 .debug_ranges  0x000003a0       0x58 ./system/src/cortexm/exception_handlers.o
 .debug_ranges  0x000003f8       0x18 ./system/src/cmsis/system_stm32f4xx.o
 .debug_ranges  0x00000410       0x10 ./system/src/cmsis/vectors_stm32f4xx.o
 .debug_ranges  0x00000420       0x10 ./src/BlinkLed.o
 .debug_ranges  0x00000430       0x30 ./src/main.o
 .debug_ranges  0x00000460       0x20 ./src/startup_stm32f411xe.o
 .debug_ranges  0x00000480       0x10 ./src/stm32f4xx_it.o

.debug_macro    0x00000000     0xece1
 .debug_macro   0x00000000      0x340 ./system/src/stm32f4-hal/stm32f4xx_hal.o
 .debug_macro   0x00000340      0x87a ./system/src/stm32f4-hal/stm32f4xx_hal.o
 .debug_macro   0x00000bba      0x250 ./system/src/stm32f4-hal/stm32f4xx_hal.o
 .debug_macro   0x00000e0a       0x28 ./system/src/stm32f4-hal/stm32f4xx_hal.o
 .debug_macro   0x00000e32       0x28 ./system/src/stm32f4-hal/stm32f4xx_hal.o
 .debug_macro   0x00000e5a       0x3b ./system/src/stm32f4-hal/stm32f4xx_hal.o
 .debug_macro   0x00000e95       0x16 ./system/src/stm32f4-hal/stm32f4xx_hal.o
 .debug_macro   0x00000eab       0x44 ./system/src/stm32f4-hal/stm32f4xx_hal.o
 .debug_macro   0x00000eef      0x209 ./system/src/stm32f4-hal/stm32f4xx_hal.o
 .debug_macro   0x000010f8       0x2d ./system/src/stm32f4-hal/stm32f4xx_hal.o
 .debug_macro   0x00001125       0x26 ./system/src/stm32f4-hal/stm32f4xx_hal.o
 .debug_macro   0x0000114b      0xd39 ./system/src/stm32f4-hal/stm32f4xx_hal.o
 .debug_macro   0x00001e84     0x4fff ./system/src/stm32f4-hal/stm32f4xx_hal.o
 .debug_macro   0x00006e83       0x43 ./system/src/stm32f4-hal/stm32f4xx_hal.o
 .debug_macro   0x00006ec6       0x57 ./system/src/stm32f4-hal/stm32f4xx_hal.o
 .debug_macro   0x00006f1d      0xb9c ./system/src/stm32f4-hal/stm32f4xx_hal.o
 .debug_macro   0x00007ab9       0x73 ./system/src/stm32f4-hal/stm32f4xx_hal.o
 .debug_macro   0x00007b2c      0x13f ./system/src/stm32f4-hal/stm32f4xx_hal.o
 .debug_macro   0x00007c6b      0x114 ./system/src/stm32f4-hal/stm32f4xx_hal.o
 .debug_macro   0x00007d7f      0x2cd ./system/src/stm32f4-hal/stm32f4xx_hal.o
 .debug_macro   0x0000804c       0x52 ./system/src/stm32f4-hal/stm32f4xx_hal.o
 .debug_macro   0x0000809e      0x3ec ./system/src/stm32f4-hal/stm32f4xx_hal.o
 .debug_macro   0x0000848a      0x14c ./system/src/stm32f4-hal/stm32f4xx_hal.o
 .debug_macro   0x000085d6       0x22 ./system/src/stm32f4-hal/stm32f4xx_hal.o
 .debug_macro   0x000085f8      0x132 ./system/src/stm32f4-hal/stm32f4xx_hal.o
 .debug_macro   0x0000872a      0x25d ./system/src/stm32f4-hal/stm32f4xx_hal.o
 .debug_macro   0x00008987      0x1e6 ./system/src/stm32f4-hal/stm32f4xx_hal.o
 .debug_macro   0x00008b6d       0x22 ./system/src/stm32f4-hal/stm32f4xx_hal.o
 .debug_macro   0x00008b8f      0x1ae ./system/src/stm32f4-hal/stm32f4xx_hal.o
 .debug_macro   0x00008d3d       0xa4 ./system/src/stm32f4-hal/stm32f4xx_hal.o
 .debug_macro   0x00008de1      0x16e ./system/src/stm32f4-hal/stm32f4xx_hal.o
 .debug_macro   0x00008f4f       0x52 ./system/src/stm32f4-hal/stm32f4xx_hal.o
 .debug_macro   0x00008fa1      0x3d7 ./system/src/stm32f4-hal/stm32f4xx_hal.o
 .debug_macro   0x00009378      0x313 ./system/src/stm32f4-hal/stm32f4xx_hal.o
 .debug_macro   0x0000968b      0x4b7 ./system/src/stm32f4-hal/stm32f4xx_hal.o
 .debug_macro   0x00009b42      0x22b ./system/src/stm32f4-hal/stm32f4xx_hal.o
 .debug_macro   0x00009d6d      0x1d1 ./system/src/stm32f4-hal/stm32f4xx_hal.o
 .debug_macro   0x00009f3e      0x84c ./system/src/stm32f4-hal/stm32f4xx_hal.o
 .debug_macro   0x0000a78a       0x4d ./system/src/stm32f4-hal/stm32f4xx_hal.o
 .debug_macro   0x0000a7d7      0x23a ./system/src/stm32f4-hal/stm32f4xx_hal.o
 .debug_macro   0x0000aa11      0x1d8 ./system/src/stm32f4-hal/stm32f4xx_hal.o
 .debug_macro   0x0000abe9      0x168 ./system/src/stm32f4-hal/stm32f4xx_hal.o
 .debug_macro   0x0000ad51      0x1d8 ./system/src/stm32f4-hal/stm32f4xx_hal.o
 .debug_macro   0x0000af29       0x85 ./system/src/stm32f4-hal/stm32f4xx_hal.o
 .debug_macro   0x0000afae      0x1df ./system/src/stm32f4-hal/stm32f4xx_hal.o
 .debug_macro   0x0000b18d      0x108 ./system/src/stm32f4-hal/stm32f4xx_hal.o
 .debug_macro   0x0000b295       0x12 ./system/src/stm32f4-hal/stm32f4xx_hal.o
 .debug_macro   0x0000b2a7       0x74 ./system/src/stm32f4-hal/stm32f4xx_hal.o
 .debug_macro   0x0000b31b      0x11f ./system/src/stm32f4-hal/stm32f4xx_hal.o
 .debug_macro   0x0000b43a      0x2f2 ./system/src/stm32f4-hal/stm32f4xx_hal_cortex.o
 .debug_macro   0x0000b72c      0x331 ./system/src/stm32f4-hal/stm32f4xx_hal_gpio.o
 .debug_macro   0x0000ba5d      0x334 ./system/src/stm32f4-hal/stm32f4xx_hal_rcc.o
 .debug_macro   0x0000bd91      0x11b ./system/src/newlib/_exit.o
 .debug_macro   0x0000beac       0xa3 ./system/src/newlib/_exit.o
 .debug_macro   0x0000bf4f      0x10e ./system/src/newlib/_exit.o
 .debug_macro   0x0000c05d       0x86 ./system/src/newlib/_exit.o
 .debug_macro   0x0000c0e3       0x43 ./system/src/newlib/_exit.o
 .debug_macro   0x0000c126       0x10 ./system/src/newlib/_exit.o
 .debug_macro   0x0000c136       0x35 ./system/src/newlib/_exit.o
 .debug_macro   0x0000c16b       0xd1 ./system/src/newlib/_sbrk.o
 .debug_macro   0x0000c23c       0x19 ./system/src/newlib/_sbrk.o
 .debug_macro   0x0000c255      0x16d ./system/src/newlib/_sbrk.o
 .debug_macro   0x0000c3c2       0x10 ./system/src/newlib/_sbrk.o
 .debug_macro   0x0000c3d2      0x23b ./system/src/newlib/_sbrk.o
 .debug_macro   0x0000c60d       0xe7 ./system/src/newlib/_startup.o
 .debug_macro   0x0000c6f4      0x169 ./system/src/newlib/_syscalls.o
 .debug_macro   0x0000c85d       0x1c ./system/src/newlib/_syscalls.o
 .debug_macro   0x0000c879       0x10 ./system/src/newlib/_syscalls.o
 .debug_macro   0x0000c889       0x10 ./system/src/newlib/_syscalls.o
 .debug_macro   0x0000c899       0x10 ./system/src/newlib/_syscalls.o
 .debug_macro   0x0000c8a9       0x35 ./system/src/newlib/_syscalls.o
 .debug_macro   0x0000c8de      0x120 ./system/src/newlib/_syscalls.o
 .debug_macro   0x0000c9fe       0x22 ./system/src/newlib/_syscalls.o
 .debug_macro   0x0000ca20       0x2b ./system/src/newlib/_syscalls.o
 .debug_macro   0x0000ca4b      0x118 ./system/src/newlib/_syscalls.o
 .debug_macro   0x0000cb63      0x13a ./system/src/newlib/_syscalls.o
 .debug_macro   0x0000cc9d       0x16 ./system/src/newlib/_syscalls.o
 .debug_macro   0x0000ccb3       0xfb ./system/src/newlib/_write.o
 .debug_macro   0x0000cdae      0x137 ./system/src/newlib/assert.o
 .debug_macro   0x0000cee5       0x1c ./system/src/newlib/assert.o
 .debug_macro   0x0000cf01      0x20f ./system/src/newlib/assert.o
 .debug_macro   0x0000d110      0x15a ./system/src/diag/Trace.o
 .debug_macro   0x0000d26a       0x16 ./system/src/diag/Trace.o
 .debug_macro   0x0000d280       0x97 ./system/src/diag/Trace.o
 .debug_macro   0x0000d317       0x10 ./system/src/diag/Trace.o
 .debug_macro   0x0000d327       0xf6 ./system/src/diag/Trace.o
 .debug_macro   0x0000d41d       0x16 ./system/src/diag/Trace.o
 .debug_macro   0x0000d433      0x16c ./system/src/diag/Trace.o
 .debug_macro   0x0000d59f       0x52 ./system/src/diag/Trace.o
 .debug_macro   0x0000d5f1      0x283 ./system/src/diag/Trace.o
 .debug_macro   0x0000d874       0x10 ./system/src/diag/Trace.o
 .debug_macro   0x0000d884       0x1f ./system/src/diag/Trace.o
 .debug_macro   0x0000d8a3      0x3b6 ./system/src/diag/trace_impl.o
 .debug_macro   0x0000dc59      0x2fc ./system/src/cortexm/_initialize_hardware.o
 .debug_macro   0x0000df55       0x1b ./system/src/cortexm/exception_handlers.o
 .debug_macro   0x0000df70      0x2f8 ./system/src/cmsis/system_stm32f4xx.o
 .debug_macro   0x0000e268       0x1b ./system/src/cmsis/vectors_stm32f4xx.o
 .debug_macro   0x0000e283      0x301 ./src/BlinkLed.o
 .debug_macro   0x0000e584       0x28 ./src/BlinkLed.o
 .debug_macro   0x0000e5ac      0x3e8 ./src/main.o
 .debug_macro   0x0000e994       0x51 ./src/main.o
 .debug_macro   0x0000e9e5      0x2fc ./src/stm32f4xx_it.o
